{
  "entities": {
    "1__disarray__TEST1": {
      "components": {
        "Transform": {
          "position": [
            0.0,
            0.0,
            0.0
          ],
          "rotation": [
            "q",
            1.0,
            0.0,
            0.0,
            0.0
          ],
          "scale": [
            1.0,
            1.0,
            1.0
          ]
        }
      }
    },
    "2__disarray__TEST2": {
      "components": {
        "Transform": {
          "position": [
            0.0,
            0.0,
            0.0
          ],
          "rotation": [
            "q",
            1.0,
            0.0,
            0.0,
            0.0
          ],
          "scale": [
            1.0,
            1.0,
            1.0
          ]
        }
      }
    },
    "3__disarray__TEST3": {
      "components": {
        "Transform": {
          "position": [
            0.0,
            0.0,
            0.0
          ],
          "rotation": [
            "q",
            1.0,
            0.0,
            0.0,
            0.0
          ],
          "scale": [
            1.0,
            1.0,
            1.0
          ]
        }
      }
    }
  },
  "name": "Scene"
}
